2026-03-20 14:07:25,064 - pyswarms.single.global_best - INFO - Optimize for 20 iters with {'c1': 0.5, 'c2': 0.3, 'w': 0.9}
2026-03-20 14:13:36,146 - pyswarms.single.global_best - INFO - Optimization finished | best cost: 0.040827967637691365, best pos: [0.96787204 0.2664555  0.77149472 0.60790771 0.8293712  0.25757494
 0.6736105  0.26854651 0.89718619 0.95735052 0.04596328 0.6850151
 0.91724013 0.73302015 0.22266958 0.95692097 0.02508284 0.22410488
 0.49424184 0.58878467 0.15010766 0.565132   0.01645976 0.59286944
 0.6989689  0.79725106 0.72109924 0.40125184 0.43212203 0.50043007
 0.81373216 0.21751155 0.20187715 0.16130932 0.82364087 0.56538689
 0.23666035 0.07204366 0.09687928 0.86876433 0.79692236 0.77695683
 0.76995776 0.98251888 0.60551562 0.57019863 0.52424055 0.05537445
 0.60642612 0.40664721 0.85322423 0.36735379 0.97357756 0.69959817
 0.19964803 0.73705671 0.19439029 0.53226138 0.71984635 0.97821889
 0.98330015 0.6558258  0.7015857  0.221854   0.71552571 0.32060601
 0.73721303 0.03313493 0.53686821 0.21434109 0.14835999 0.53429829
 0.92566043 0.15880458 0.78747807 0.03364567 0.71267974 0.46270629]
2026-03-27 23:00:12,831 - pyswarms.single.global_best - INFO - Optimize for 20 iters with {'c1': 0.5, 'c2': 0.3, 'w': 0.9}
2026-03-27 23:03:14,163 - pyswarms.single.global_best - INFO - Optimization finished | best cost: 0.028682443205985786, best pos: [0.90819927 0.09158565 0.38132258 0.1988035  0.60338013 0.90382531
 0.78385656 0.74201459 0.35886356 0.96690555 0.78710593 0.65326821
 0.0475224  0.66443396 0.65927746 0.42966746 0.07407075 0.97279571
 0.90709052 0.12343233 0.25742768 0.40900282 0.61309906 0.77414367
 0.38233745 0.72969472 0.12729581 0.82231448 0.15505886 0.58021336
 0.09731668 0.78795889 0.53518688 0.40431444]
2026-04-13 23:42:56,522 - pyswarms.single.global_best - INFO - Optimize for 20 iters with {'c1': 0.5, 'c2': 0.3, 'w': 0.9}
2026-04-13 23:44:46,171 - pyswarms.single.global_best - INFO - Optimization finished | best cost: 0.03302981482539924, best pos: [0.61521755 0.80040111 0.12404568 0.38064188 0.39715828 0.78858324
 0.39152589 0.56232576 0.76398428 0.27265673 0.97000331 0.43056561
 0.60615241 0.07136333 0.65114466 0.80399178 0.10490697 0.19489488
 0.95853765 0.94372051 0.68601699 0.59915188 0.41001806 0.75540074
 0.59644171 0.48573239 0.43655375 0.40562428 0.98119562 0.51094619
 0.4487028  0.51595231 0.81208814 0.6208906 ]
2026-04-14 00:23:06,326 - pyswarms.single.global_best - INFO - Optimize for 20 iters with {'c1': 0.5, 'c2': 0.3, 'w': 0.9}
2026-04-14 00:31:39,977 - pyswarms.single.global_best - INFO - Optimization finished | best cost: 0.02862911420261527, best pos: [0.84561138 0.75718033 0.27679542 0.69633082 0.64589114 0.33623213
 0.50090411 0.52634333 0.23858313 0.41548646 0.08423215 0.49301061
 0.85129022 0.26078566 0.31005199 0.02293593 0.4362902  0.66747068
 0.97043955 0.26262682 0.4258246  0.97286572 0.19410695 0.69283985
 0.85692951 0.46425471 0.71628989 0.18349975 0.98885803 0.87310833
 0.84199518 0.78961318 0.89496666 0.22648315]
2026-04-14 00:41:24,159 - pyswarms.single.global_best - INFO - Optimize for 20 iters with {'c1': 0.5, 'c2': 0.3, 'w': 0.9}
2026-04-14 00:45:00,723 - pyswarms.single.global_best - INFO - Optimization finished | best cost: 0.028242891956775984, best pos: [0.58699545 0.08401293 0.81037117 0.70467299 0.40907436 0.27646438
 0.01985582 0.64598696 0.40678532 0.47979027 0.33006847 0.17738046
 0.16076635 0.98592185 0.30243752 0.006907   0.86978976 0.83335858
 0.8323004  0.76054988 0.09931707 0.14591377 0.54871603 0.67252644
 0.5311771  0.0649137  0.55041285 0.50979007 0.26172272 0.93880713
 0.11382186 0.71470078 0.90547194 0.36167543]
